// Jest Snapshot v1, https://goo.gl/fbAQLP

exports[`The NewslettersApi stack matches the snapshot 1`] = `
{
  "Metadata": {
    "gu:cdk:constructs": [
      "GuS3Bucket",
    ],
    "gu:cdk:version": "TEST",
  },
  "Parameters": {
    "SsmParameterValueTESTnewslettersnewslettersapis3BucketNameC96584B6F00A464EAD1953AFF4B05118Parameter": {
      "Default": "/TEST/newsletters/newsletters-api/s3BucketName",
      "Type": "AWS::SSM::Parameter::Value<String>",
    },
  },
  "Resources": {
    "DataBucketNewslettersapi96EED09B": {
      "DeletionPolicy": "Retain",
      "Properties": {
        "BucketName": {
          "Ref": "SsmParameterValueTESTnewslettersnewslettersapis3BucketNameC96584B6F00A464EAD1953AFF4B05118Parameter",
        },
        "PublicAccessBlockConfiguration": {
          "BlockPublicAcls": true,
          "BlockPublicPolicy": true,
          "IgnorePublicAcls": true,
          "RestrictPublicBuckets": true,
        },
        "Tags": [
          {
            "Key": "App",
            "Value": "newsletters-api",
          },
          {
            "Key": "gu:cdk:version",
            "Value": "TEST",
          },
          {
            "Key": "gu:repo",
            "Value": "guardian/newsletters-nx",
          },
          {
            "Key": "Stack",
            "Value": "newsletters",
          },
          {
            "Key": "Stage",
            "Value": "TEST",
          },
        ],
        "VersioningConfiguration": {
          "Status": "Enabled",
        },
      },
      "Type": "AWS::S3::Bucket",
      "UpdateReplacePolicy": "Retain",
    },
  },
}
`;
